// Jest Snapshot v1, https://goo.gl/fbAQLP

exports[`Abput renders correctly 1`] = `
<p>
  This is about us page
</p>
`;
